real    0m10.463s
user    0m9.938s
sys     0m0.488s

==PROF== Connected to process 717878 (/mnt/disk1/eric891224/NTU/2025_Fall_Parallel_Program/hw3/hw3)
==PROF== Profiling "render" - 0: 0%..
==WARNING== Launching the workload is taking more time than expected. If this continues to hang, terminate the profile and re-try by profiling the range of all related launches using '--replay-mode range'. See https://docs.nvidia.com/nsight-compute/ProfilingGuide/index.html#replay for more details.
..50%....100% - 8 passes
==PROF== Disconnected from process 717878
[717878] hw3@127.0.0.1
  render(int, int, unsigned char *) (64, 128, 1)x(32, 16, 1), Context 1, Stream 7, Device 0, CC 8.9
    Section: GPU Speed Of Light Throughput
    ----------------------- ----------- -----------------
    Metric Name             Metric Unit      Metric Value
    ----------------------- ----------- -----------------
    DRAM Frequency                  Ghz             10.24
    SM Frequency                    Ghz              2.23
    Elapsed Cycles                cycle    26,476,739,169
    Memory Throughput                 %              0.90
    DRAM Throughput                   %              0.00
    Duration                          s             11.85
    L1/TEX Cache Throughput           %              0.91
    L2 Cache Throughput               %              0.00
    SM Active Cycles              cycle 26,111,878,198.70
    Compute (SM) Throughput           %             85.02
    ----------------------- ----------- -----------------

    INF   This workload is utilizing greater than 80.0% of the available compute or memory performance of the device.   
          To further improve performance, work will likely need to be shifted from the most utilized to another unit.   
          Start by analyzing workloads in the Compute Workload Analysis section.                                        

    Section: Launch Statistics
    -------------------------------- --------------- ---------------
    Metric Name                          Metric Unit    Metric Value
    -------------------------------- --------------- ---------------
    Block Size                                                   512
    Function Cache Configuration                     CachePreferNone
    Grid Size                                                  8,192
    Registers Per Thread             register/thread              88
    Shared Memory Configuration Size           Kbyte            8.19
    Driver Shared Memory Per Block       Kbyte/block            1.02
    Dynamic Shared Memory Per Block       byte/block               0
    Static Shared Memory Per Block        byte/block               0
    # SMs                                         SM             128
    Stack Size                                                 1,024
    Threads                                   thread       4,194,304
    # TPCs                                                        64
    Enabled TPC IDs                                              all
    Uses Green Context                                             0
    Waves Per SM                                                  64
    -------------------------------- --------------- ---------------

    Section: Occupancy
    ------------------------------- ----------- ------------
    Metric Name                     Metric Unit Metric Value
    ------------------------------- ----------- ------------
    Block Limit SM                        block           24
    Block Limit Registers                 block            1
    Block Limit Shared Mem                block            8
    Block Limit Warps                     block            3
    Theoretical Active Warps per SM        warp           16
    Theoretical Occupancy                     %        33.33
    Achieved Occupancy                        %        31.05
    Achieved Active Warps Per SM           warp        14.91
    ------------------------------- ----------- ------------

    OPT   Est. Local Speedup: 66.67%                                                                                    
          The 4.00 theoretical warps per scheduler this kernel can issue according to its occupancy are below the       
          hardware maximum of 12. This kernel's theoretical occupancy (33.3%) is limited by the number of required      
          registers.                                                                                                    

    Section: GPU and Memory Workload Distribution
    -------------------------- ----------- ------------------
    Metric Name                Metric Unit       Metric Value
    -------------------------- ----------- ------------------
    Average DRAM Active Cycles       cycle           5,190.67
    Total DRAM Elapsed Cycles        cycle  1,455,936,598,016
    Average L1 Active Cycles         cycle  26,111,878,198.70
    Total L1 Elapsed Cycles          cycle  3,386,980,666,984
    Average L2 Active Cycles         cycle       4,523,769.17
    Total L2 Elapsed Cycles          cycle    844,411,794,012
    Average SM Active Cycles         cycle  26,111,878,198.70
    Total SM Elapsed Cycles          cycle  3,386,980,666,984
    Average SMSP Active Cycles       cycle  25,710,419,190.04
    Total SMSP Elapsed Cycles        cycle 13,547,922,667,936
    -------------------------- ----------- ------------------

