real    0m9.214s
user    0m8.661s
sys     0m0.506s

==PROF== Connected to process 697693 (/mnt/disk1/eric891224/NTU/2025_Fall_Parallel_Program/hw3/hw3)
==PROF== Profiling "render" - 0: 0%..
==WARNING== Launching the workload is taking more time than expected. If this continues to hang, terminate the profile and re-try by profiling the range of all related launches using '--replay-mode range'. See https://docs.nvidia.com/nsight-compute/ProfilingGuide/index.html#replay for more details.
..50%....100% - 8 passes
==PROF== Disconnected from process 697693
[697693] hw3@127.0.0.1
  render(int, int, unsigned char *) (256, 512, 1)x(8, 4, 1), Context 1, Stream 7, Device 0, CC 8.9
    Section: GPU Speed Of Light Throughput
    ----------------------- ----------- -----------------
    Metric Name             Metric Unit      Metric Value
    ----------------------- ----------- -----------------
    DRAM Frequency                  Ghz             10.24
    SM Frequency                    Ghz              2.23
    Elapsed Cycles                cycle    23,046,936,592
    Memory Throughput                 %              1.03
    DRAM Throughput                   %              0.00
    Duration                          s             10.31
    L1/TEX Cache Throughput           %              1.04
    L2 Cache Throughput               %              0.00
    SM Active Cycles              cycle 22,931,977,932.76
    Compute (SM) Throughput           %             86.22
    ----------------------- ----------- -----------------

    INF   This workload is utilizing greater than 80.0% of the available compute or memory performance of the device.   
          To further improve performance, work will likely need to be shifted from the most utilized to another unit.   
          Start by analyzing workloads in the Compute Workload Analysis section.                                        

    Section: Launch Statistics
    -------------------------------- --------------- ---------------
    Metric Name                          Metric Unit    Metric Value
    -------------------------------- --------------- ---------------
    Block Size                                                    32
    Function Cache Configuration                     CachePreferNone
    Grid Size                                                131,072
    Registers Per Thread             register/thread              88
    Shared Memory Configuration Size           Kbyte           32.77
    Driver Shared Memory Per Block       Kbyte/block            1.02
    Dynamic Shared Memory Per Block       byte/block               0
    Static Shared Memory Per Block        byte/block               0
    # SMs                                         SM             128
    Stack Size                                                 1,024
    Threads                                   thread       4,194,304
    # TPCs                                                        64
    Enabled TPC IDs                                              all
    Uses Green Context                                             0
    Waves Per SM                                               51.20
    -------------------------------- --------------- ---------------

    Section: Occupancy
    ------------------------------- ----------- ------------
    Metric Name                     Metric Unit Metric Value
    ------------------------------- ----------- ------------
    Block Limit SM                        block           24
    Block Limit Registers                 block           20
    Block Limit Shared Mem                block           32
    Block Limit Warps                     block           48
    Theoretical Active Warps per SM        warp           20
    Theoretical Occupancy                     %        41.67
    Achieved Occupancy                        %        30.90
    Achieved Active Warps Per SM           warp        14.83
    ------------------------------- ----------- ------------

    OPT   Est. Local Speedup: 25.85%                                                                                    
          The difference between calculated theoretical (41.7%) and measured achieved occupancy (30.9%) can be the      
          result of warp scheduling overheads or workload imbalances during the kernel execution. Load imbalances can   
          occur between warps within a block as well as across blocks of the same kernel. See the CUDA Best Practices   
          Guide (https://docs.nvidia.com/cuda/cuda-c-best-practices-guide/index.html#occupancy) for more details on     
          optimizing occupancy.                                                                                         
    ----- --------------------------------------------------------------------------------------------------------------
    OPT   Est. Local Speedup: 58.33%                                                                                    
          The 5.00 theoretical warps per scheduler this kernel can issue according to its occupancy are below the       
          hardware maximum of 12. This kernel's theoretical occupancy (41.7%) is limited by the number of required      
          registers.                                                                                                    

    Section: GPU and Memory Workload Distribution
    -------------------------- ----------- ------------------
    Metric Name                Metric Unit       Metric Value
    -------------------------- ----------- ------------------
    Average DRAM Active Cycles       cycle              4,988
    Total DRAM Elapsed Cycles        cycle  1,267,334,255,616
    Average L1 Active Cycles         cycle  22,931,977,932.76
    Total L1 Elapsed Cycles          cycle  2,950,934,930,498
    Average L2 Active Cycles         cycle       4,764,740.42
    Total L2 Elapsed Cycles          cycle    735,026,813,712
    Average SM Active Cycles         cycle  22,931,977,932.76
    Total SM Elapsed Cycles          cycle  2,950,934,930,498
    Average SMSP Active Cycles       cycle  22,631,815,766.12
    Total SMSP Elapsed Cycles        cycle 11,803,739,721,992
    -------------------------- ----------- ------------------

